Parsing config from to_xen/15-memory-and-direct-kernel-boot.cfg
Waiting for domain empty (domid 2) to die [pid 5078]
[    0.000000] Linux version 6.0.0-rc4 (nixbld@localhost) (gcc (GCC) 10.3.0, GNU ld (GNU Binutils) 2.37) #1 SMP PREEMPT_DYNAMIC 1
[    0.000000] Command line: 
[    0.000000] KERNEL supported cpus:
[    0.000000]   Intel GenuineIntel
[    0.000000]   AMD AuthenticAMD
[    0.000000]   Hygon HygonGenuine
[    0.000000]   Centaur CentaurHauls
[    0.000000]   zhaoxin   Shanghai  
[    0.000000] ------------[ cut here ]------------
[    0.000000] XSAVE consistency problem, dumping leaves
[    0.000000] WARNING: CPU: 0 PID: 0 at arch/x86/kernel/fpu/xstate.c:606 fpu__init_system_xstate+0x7cf/0xa5b
[    0.000000] Modules linked in:
[    0.000000] CPU: 0 PID: 0 Comm: swapper Tainted: G                T  6.0.0-rc4 #1 841c5f4f62f952ba4f3984390f28eb6eacafc65e
[    0.000000] RIP: e030:fpu__init_system_xstate+0x7cf/0xa5b
[    0.000000] Code: 41 02 9f ff e8 54 39 e6 fd 39 45 a0 74 23 80 3d 68 9b f1 ff 00 75 8a 48 c7 c7 80 f5 a7 82 c6 05 58 9b f1 ff 01 e8 00 4e e0 fe <0f> 0b e9 70 ff ff ff 8b 45 a0 48 8b 3d f2 01 9f ff 31 f6 89 05 fa
[    0.000000] RSP: e02b:ffffffff82e03d00 EFLAGS: 00010086 ORIG_RAX: 0000000000000000
[    0.000000] RAX: 0000000000000000 RBX: 0000000000000200 RCX: 0000000000000000
[    0.000000] RDX: 0000000000000002 RSI: 0000000000000000 RDI: 00000000ffffffff
[    0.000000] RBP: ffffffff82e03d70 R08: 0000000000000029 R09: 6e6f632045564153
[    0.000000] R10: 6d656c626f727020 R11: 79636e6574736973 R12: 0000000000000040
[    0.000000] R13: ffffffff82e03e01 R14: 0000000000000003 R15: 0000000000000240
[    0.000000] FS:  0000000000000000(0000) GS:ffffffff8319e000(0000) knlGS:0000000000000000
[    0.000000] CS:  10000e030 DS: 0000 ES: 0000 CR0: 0000000080050033
[    0.000000] CR2: 0000000000000000 CR3: 0000000002e10000 CR4: 0000000000040660
[    0.000000] Call Trace:
[    0.000000]  <TASK>
[    0.000000]  fpu__init_system+0x157/0x19c
[    0.000000]  early_cpu_init+0x42c/0x454
[    0.000000]  setup_arch+0x4c/0xd7b
[    0.000000]  ? _printk+0x58/0x73
[    0.000000]  start_kernel+0x76/0x987
[    0.000000]  ? __add_preferred_console.constprop.0+0x83/0x160
[    0.000000]  x86_64_start_reservations+0x24/0x2a
[    0.000000]  xen_start_kernel+0x5f6/0x60d
[    0.000000]  startup_xen+0x1f/0x1f
[    0.000000]  </TASK>
[    0.000000] ---[ end trace 0000000000000000 ]---
[    0.000000] CPUID[0d, 00]: eax=00000003 ebx=00000240 ecx=00000240 edx=00000000
[    0.000000] CPUID[0d, 01]: eax=00000007 ebx=00000000 ecx=00000000 edx=00000000
[    0.000000] CPUID[0d, 02]: eax=00000000 ebx=00000000 ecx=00000000 edx=00000000
[    0.000000] CPUID[0d, 03]: eax=00000000 ebx=00000000 ecx=00000000 edx=00000000
[    0.000000] CPUID[0d, 04]: eax=00000000 ebx=00000000 ecx=00000000 edx=00000000
[    0.000000] CPUID[0d, 05]: eax=00000000 ebx=00000000 ecx=00000000 edx=00000000
[    0.000000] CPUID[0d, 06]: eax=00000000 ebx=00000000 ecx=00000000 edx=00000000
[    0.000000] CPUID[0d, 07]: eax=00000000 ebx=00000000 ecx=00000000 edx=00000000
[    0.000000] CPUID[0d, 08]: eax=00000000 ebx=00000000 ecx=00000000 edx=00000000
[    0.000000] CPUID[0d, 09]: eax=00000000 ebx=00000000 ecx=00000000 edx=00000000
[    0.000000] CPUID[0d, 0a]: eax=00000000 ebx=00000000 ecx=00000000 edx=00000000
[    0.000000] CPUID[0d, 0b]: eax=00000000 ebx=00000000 ecx=00000000 edx=00000000
[    0.000000] CPUID[0d, 0c]: eax=00000000 ebx=00000000 ecx=00000000 edx=00000000
[    0.000000] CPUID[0d, 0d]: eax=00000000 ebx=00000000 ecx=00000000 edx=00000000
[    0.000000] CPUID[0d, 0e]: eax=00000000 ebx=00000000 ecx=00000000 edx=00000000
[    0.000000] CPUID[0d, 0f]: eax=00000000 ebx=00000000 ecx=00000000 edx=00000000
[    0.000000] CPUID[0d, 10]: eax=00000000 ebx=00000000 ecx=00000000 edx=00000000
[    0.000000] CPUID[0d, 11]: eax=00000000 ebx=00000000 ecx=00000000 edx=00000000
[    0.000000] CPUID[0d, 12]: eax=00000000 ebx=00000000 ecx=00000000 edx=00000000
[    0.000000] CPUID[0d, 13]: eax=00000000 ebx=00000000 ecx=00000000 edx=00000000
[    0.000000] CPUID[0d, 14]: eax=00000000 ebx=00000000 ecx=00000000 edx=00000000
[    0.000000] CPUID[0d, 15]: eax=00000000 ebx=00000000 ecx=00000000 edx=00000000
[    0.000000] CPUID[0d, 16]: eax=00000000 ebx=00000000 ecx=00000000 edx=00000000
[    0.000000] CPUID[0d, 17]: eax=00000000 ebx=00000000 ecx=00000000 edx=00000000
[    0.000000] CPUID[0d, 18]: eax=00000000 ebx=00000000 ecx=00000000 edx=00000000
[    0.000000] CPUID[0d, 19]: eax=00000000 ebx=00000000 ecx=00000000 edx=00000000
[    0.000000] CPUID[0d, 1a]: eax=00000000 ebx=00000000 ecx=00000000 edx=00000000
[    0.000000] CPUID[0d, 1b]: eax=00000000 ebx=00000000 ecx=00000000 edx=00000000
[    0.000000] CPUID[0d, 1c]: eax=00000000 ebx=00000000 ecx=00000000 edx=00000000
[    0.000000] signal: max sigframe size: 1440
[    0.000000] ACPI in unprivileged domain disabled
[    0.000000] Released 0 page(s)
[    0.000000] BIOS-provided physical RAM map:
[    0.000000] Xen: [mem 0x0000000000000000-0x000000000009ffff] usable
[    0.000000] Xen: [mem 0x00000000000a0000-0x00000000000fffff] reserved
[    0.000000] Xen: [mem 0x0000000000100000-0x000000003fffffff] usable
[    0.000000] NX (Execute Disable) protection: active
[    0.000000] DMI not present or invalid.
[    0.000000] Hypervisor detected: Xen PV
[    0.084374] tsc: Fast TSC calibration failed
[    0.084377] tsc: Detected 1996.970 MHz processor
[    0.084413] last_pfn = 0x40000 max_arch_pfn = 0x400000000
[    0.084414] Disabled
[    0.084416] x86/PAT: MTRRs disabled, skipping PAT initialization too.
[    0.084420] x86/PAT: Configuration [0-7]: WB  WT  UC- UC  WC  WP  UC  UC  
[    0.084453] Kernel/User page tables isolation: disabled on XEN PV.
[    0.125700] NUMA turned off
[    0.125706] Faking a node at [mem 0x0000000000000000-0x000000003fffffff]
[    0.125711] NODE_DATA(0) allocated [mem 0x3fe24000-0x3fe27fff]
[    0.129459] Zone ranges:
[    0.129461]   DMA32    [mem 0x0000000000001000-0x000000003fffffff]
[    0.129465]   Normal   empty
[    0.129466]   Device   empty
[    0.129468] Movable zone start for each node
[    0.129469] Early memory node ranges
[    0.129470]   node   0: [mem 0x0000000000001000-0x000000000009ffff]
[    0.129472]   node   0: [mem 0x0000000000100000-0x000000003fffffff]
[    0.129474] Initmem setup node 0 [mem 0x0000000000001000-0x000000003fffffff]
[    0.129481] On node 0, zone DMA32: 1 pages in unavailable ranges
[    0.131693] On node 0, zone DMA32: 96 pages in unavailable ranges
[    0.131703] p2m virtual area at (____ptrval____), size is 40000000
[    0.397647] Remapped 0 page(s)
[    0.397790] smpboot: Allowing 1 CPUs, 0 hotplug CPUs
[    0.397802] PM: hibernation: Registered nosave memory: [mem 0x00000000-0x00000fff]
[    0.397805] PM: hibernation: Registered nosave memory: [mem 0x000a0000-0x000fffff]
[    0.397808] [mem 0x40000000-0xffffffff] available for PCI devices
[    0.397818] Booting kernel on Xen
[    0.397820] Xen version: 4.16.0 (preserve-AD)
[    0.397826] clocksource: refined-jiffies: mask: 0xffffffff max_cycles: 0xffffffff, max_idle_ns: 7645519600211568 ns
[    0.397834] setup_percpu: NR_CPUS:256 nr_cpumask_bits:256 nr_cpu_ids:1 nr_node_ids:1
[    0.398126] percpu: Embedded 57 pages/cpu s193640 r8192 d31640 u2097152
[    0.398190] Fallback order for Node 0: 0 
[    0.398194] Built 1 zonelists, mobility grouping on.  Total pages: 257792
[    0.398196] Policy zone: DMA32
[    0.398199] Kernel command line: 
[    0.398271] Dentry cache hash table entries: 131072 (order: 8, 1048576 bytes, linear)
[    0.398316] Inode-cache hash table entries: 65536 (order: 7, 524288 bytes, linear)
[    0.398486] mem auto-init: stack:off, heap alloc:on, heap free:off
[    0.403552] Memory: 985992K/1048188K available (20493K kernel code, 3565K rwdata, 6756K rodata, 2396K init, 2032K bss, 61944K reserved, 0K cma-reserved)
[    0.404302] SLUB: HWalign=64, Order=0-3, MinObjects=0, CPUs=1, Nodes=1
[    0.405205] ftrace: allocating 57994 entries in 227 pages
[    0.414043] ftrace: allocated 227 pages with 5 groups
[    0.415475] Dynamic Preempt: voluntary
[    0.415592] rcu: Preemptible hierarchical RCU implementation.
[    0.415593] rcu: 	RCU restricting CPUs from NR_CPUS=256 to nr_cpu_ids=1.
[    0.415595] 	Trampoline variant of Tasks RCU enabled.
[    0.415596] 	Rude variant of Tasks RCU enabled.
[    0.415597] 	Tracing variant of Tasks RCU enabled.
[    0.415598] rcu: RCU calculated value of scheduler-enlistment delay is 25 jiffies.
[    0.415599] rcu: Adjusting geometry for rcu_fanout_leaf=16, nr_cpu_ids=1
[    0.429899] Using NULL legacy PIC
[    0.429901] NR_IRQS: 16640, nr_irqs: 32, preallocated irqs: 0
[    0.429967] xen:events: Using FIFO-based ABI
[    0.429981] rcu: srcu_init: Setting srcu_struct sizes based on contention.
[    0.430066] Console: colour dummy device 80x25
[    0.430325] printk: console [tty0] enabled
[    0.432395] printk: console [hvc0] enabled
[    0.432462] clocksource: xen: mask: 0xffffffffffffffff max_cycles: 0x1cd42e4dffb, max_idle_ns: 881590591483 ns
[    0.432483] installing Xen timer for CPU 0
[    0.432530] clocksource: tsc-early: mask: 0xffffffffffffffff max_cycles: 0x3991fffe490, max_idle_ns: 881590608194 ns
[    0.432548] Calibrating delay loop (skipped), value calculated using timer frequency.. 3993.94 BogoMIPS (lpj=7987880)
[    0.432706] pid_max: default: 32768 minimum: 301
[    0.432926] LSM: Security Framework initializing
[    0.432967] Yama: becoming mindful.
[    0.433082] AppArmor: AppArmor initialized
[    0.433092] TOMOYO Linux initialized
[    0.433305] Mount-cache hash table entries: 2048 (order: 2, 16384 bytes, linear)
[    0.433319] Mountpoint-cache hash table entries: 2048 (order: 2, 16384 bytes, linear)
[    0.434330] Last level iTLB entries: 4KB 0, 2MB 0, 4MB 0
[    0.434340] Last level dTLB entries: 4KB 0, 2MB 0, 4MB 0, 1GB 0
[    0.434354] Spectre V1 : Mitigation: usercopy/swapgs barriers and __user pointer sanitization
[    0.434364] Spectre V2 : Mitigation: Retpolines
[    0.434370] Spectre V2 : Spectre v2 / SpectreRSB mitigation: Filling RSB on context switch
[    0.434379] Spectre V2 : Spectre v2 / SpectreRSB : Filling RSB on VMEXIT
[    0.434385] Spectre V2 : Enabling Restricted Speculation for firmware calls
[    0.434393] Spectre V2 : mitigation: Enabling conditional Indirect Branch Prediction Barrier
[    0.434402] Spectre V2 : User space: Mitigation: STIBP via prctl
[    0.434409] Speculative Store Bypass: Mitigation: Speculative Store Bypass disabled via prctl
[    0.534652] Freeing SMP alternatives memory: 56K
[    0.535002] VPMU disabled by hypervisor.
[    0.535505] cblist_init_generic: Setting adjustable number of callback queues.
[    0.535517] cblist_init_generic: Setting shift to 0 and lim to 1.
[    0.535582] cblist_init_generic: Setting shift to 0 and lim to 1.
[    0.535639] cblist_init_generic: Setting shift to 0 and lim to 1.
[    0.535696] Performance Events: unsupported p6 CPU model 122 no PMU driver, software events only.
[    0.535806] rcu: Hierarchical SRCU implementation.
[    0.535814] rcu: 	Max phase no-delay instances is 1000.
[    0.536545] NMI watchdog: Perf NMI watchdog permanently disabled
[    0.536838] smp: Bringing up secondary CPUs ...
[    0.536848] smp: Brought up 1 node, 1 CPU
[    0.536855] smpboot: Max logical packages: 1
[    0.537236] devtmpfs: initialized
[    0.537330] x86/mm: Memory block size: 128MB
[    0.537745] clocksource: jiffies: mask: 0xffffffff max_cycles: 0xffffffff, max_idle_ns: 7645041785100000 ns
[    0.537764] futex hash table entries: 256 (order: 2, 16384 bytes, linear)
[    0.537868] pinctrl core: initialized pinctrl subsystem
[    0.538381] NET: Registered PF_NETLINK/PF_ROUTE protocol family
[    0.538445] xen:grant_table: Grant tables using version 1 layout
[    0.538478] Grant table initialized
[    0.538513] audit: initializing netlink subsys (disabled)
[    0.538745] audit: type=2000 audit(1662983754.215:1): state=initialized audit_enabled=0 res=1
[    0.538922] thermal_sys: Registered thermal governor 'fair_share'
[    0.538925] thermal_sys: Registered thermal governor 'bang_bang'
[    0.538933] thermal_sys: Registered thermal governor 'step_wise'
[    0.538940] thermal_sys: Registered thermal governor 'user_space'
[    0.539876] PCI: setting up Xen PCI frontend stub
[    0.542570] kprobes: kprobe jump-optimization is enabled. All kprobes are optimized if possible.
[    0.872549] raid6: sse2x4   gen()  8928 MB/s
[    0.940551] raid6: sse2x2   gen()  9666 MB/s
[    1.008550] raid6: sse2x1   gen()  7845 MB/s
[    1.008561] raid6: using algorithm sse2x2 gen() 9666 MB/s
[    1.076548] raid6: .... xor() 6183 MB/s, rmw enabled
[    1.076560] raid6: using ssse3x2 recovery algorithm
[    1.085073] fbcon: Taking over console
[    1.085105] ACPI: Interpreter disabled.
[    1.085160] xen:balloon: Initialising balloon driver
[    1.092672] iommu: Default domain type: Translated 
[    1.092686] iommu: DMA domain TLB invalidation policy: lazy mode 
[    1.093029] SCSI subsystem initialized
[    1.093191] usbcore: registered new interface driver usbfs
[    1.093216] usbcore: registered new interface driver hub
[    1.093230] usbcore: registered new device driver usb
[    1.093336] EDAC MC: Ver: 3.0.0
[    1.093753] Bluetooth: Core ver 2.22
[    1.093771] NET: Registered PF_BLUETOOTH protocol family
[    1.093778] Bluetooth: HCI device and connection manager initialized
[    1.093786] Bluetooth: HCI socket layer initialized
[    1.093794] Bluetooth: L2CAP socket layer initialized
[    1.093803] Bluetooth: SCO socket layer initialized
[    1.093812] NetLabel: Initializing
[    1.093817] NetLabel:  domain hash size = 128
[    1.093823] NetLabel:  protocols = UNLABELED CIPSOv4 CALIPSO
[    1.093848] NetLabel:  unlabeled traffic allowed by default
[    1.093935] PCI: System does not support PCI
[    1.094072] clocksource: Switched to clocksource xen
[    1.094336] VFS: Disk quotas dquot_6.6.0
[    1.094368] VFS: Dquot-cache hash table entries: 512 (order 0, 4096 bytes)
[    1.094381] hugetlbfs: disabling because there are no supported hugepage sizes
[    1.094381] AppArmor: AppArmor Filesystem Enabled
[    1.094381] pnp: PnP ACPI: disabled
[    1.114257] NET: Registered PF_INET protocol family
[    1.114398] IP idents hash table entries: 16384 (order: 5, 131072 bytes, linear)
[    1.114840] tcp_listen_portaddr_hash hash table entries: 512 (order: 1, 8192 bytes, linear)
[    1.114890] Table-perturb hash table entries: 65536 (order: 6, 262144 bytes, linear)
[    1.114920] TCP established hash table entries: 8192 (order: 4, 65536 bytes, linear)
[    1.114977] TCP bind hash table entries: 8192 (order: 5, 131072 bytes, linear)
[    1.115002] TCP: Hash tables configured (established 8192 bind 8192)
[    1.115096] MPTCP token hash table entries: 1024 (order: 2, 24576 bytes, linear)
[    1.115136] UDP hash table entries: 512 (order: 2, 16384 bytes, linear)
[    1.115152] UDP-Lite hash table entries: 512 (order: 2, 16384 bytes, linear)
[    1.115269] NET: Registered PF_UNIX/PF_LOCAL protocol family
[    1.115558] RPC: Registered named UNIX socket transport module.
[    1.115570] RPC: Registered udp transport module.
[    1.115576] RPC: Registered tcp transport module.
[    1.115582] RPC: Registered tcp NFSv4.1 backchannel transport module.
[    1.115923] NET: Registered PF_XDP protocol family
[    1.115938] PCI: CLS 0 bytes, default 64
[    1.115982] clocksource: tsc: mask: 0xffffffffffffffff max_cycles: 0x3991fffe490, max_idle_ns: 881590608194 ns
[    1.147207] Initialise system trusted keyrings
[    1.147826] workingset: timestamp_bits=40 max_order=18 bucket_order=0
[    1.149806] zbud: loaded
[    1.151340] NFS: Registering the id_resolver key type
[    1.151489] Key type id_resolver registered
[    1.151498] Key type id_legacy registered
[    1.151554] nfs4filelayout_init: NFSv4 File Layout Driver Registering...
[    1.151565] nfs4flexfilelayout_init: NFSv4 Flexfile Layout Driver Registering...
[    1.151877] fuse: init (API version 7.36)
[    1.152317] Allocating IMA blacklist keyring.
[    1.161258] xor: measuring software checksum speed
[    1.161989]    prefetch64-sse  : 13690 MB/sec
[    1.162836]    generic_sse     : 11705 MB/sec
[    1.162843] xor: using function: prefetch64-sse (13690 MB/sec)
[    1.162852] Key type asymmetric registered
[    1.162858] Asymmetric key parser 'x509' registered
[    1.163367] alg: self-tests for CTR-KDF (hmac(sha256)) passed
[    1.163396] Block layer SCSI generic (bsg) driver version 0.4 loaded (major 247)
[    1.163468] io scheduler mq-deadline registered
[    1.163978] shpchp: Standard Hot Plug PCI Controller Driver version: 0.4
[    1.164272] xen:xen_evtchn: Event-channel device installed
[    1.164981] Serial: 8250/16550 driver, 32 ports, IRQ sharing enabled
[    1.167917] Linux agpgart interface v0.103
[    1.173455] brd: module loaded
[    1.175746] loop: module loaded
[    1.176487] tun: Universal TUN/TAP device driver, 1.6
[    1.176637] PPP generic driver version 2.4.2
[    1.176743] ehci_hcd: USB 2.0 'Enhanced' Host Controller (EHCI) Driver
[    1.176766] ehci-pci: EHCI PCI platform driver
[    1.176782] ehci-platform: EHCI generic platform driver
[    1.176794] ohci_hcd: USB 1.1 'Open' Host Controller (OHCI) Driver
[    1.176805] ohci-pci: OHCI PCI platform driver
[    1.176818] ohci-platform: OHCI generic platform driver
[    1.176831] uhci_hcd: USB Universal Host Controller Interface driver
[    1.176906] i8042: PNP: No PS/2 controller found.
[    1.176913] i8042: Probing ports directly.
[    1.177744] i8042: No controller found
[    1.177857] mousedev: PS/2 mouse device common for all mice
[    1.177957] i2c_dev: i2c /dev entries driver
[    1.178045] device-mapper: uevent: version 1.0.3
[    1.178168] device-mapper: ioctl: 4.47.0-ioctl (2022-07-28) initialised: dm-devel@redhat.com
[    1.178180] Bluetooth: HCI UART driver ver 2.3
[    1.178188] Bluetooth: HCI UART protocol H4 registered
[    1.178194] Bluetooth: HCI UART protocol BCSP registered
[    1.178207] Bluetooth: HCI UART protocol LL registered
[    1.178214] Bluetooth: HCI UART protocol ATH3K registered
[    1.178224] Bluetooth: HCI UART protocol Three-wire (H5) registered
[    1.178238] Bluetooth: HCI UART protocol Intel registered
[    1.178255] Bluetooth: HCI UART protocol Broadcom registered
[    1.178267] Bluetooth: HCI UART protocol QCA registered
[    1.178273] Bluetooth: HCI UART protocol AG6XX registered
[    1.178293] Bluetooth: HCI UART protocol Marvell registered
[    1.178311] usbcore: registered new interface driver btusb
[    1.178385] CAPI 2.0 started up with major 68 (middleware)
[    1.178394] intel_pstate: CPU model not supported
[    1.178423] sdhci: Secure Digital Host Controller Interface driver
[    1.178431] sdhci: Copyright(c) Pierre Ossman
[    1.178475] ledtrig-cpu: registered to indicate activity on CPUs
[    1.179969] hid: raw HID events driver (C) Jiri Kosina
[    1.180004] usbcore: registered new interface driver usbhid
[    1.180012] usbhid: USB HID core driver
[    1.180325] NET: Registered PF_INET6 protocol family
[    1.180931] Segment Routing with IPv6
[    1.180957] In-situ OAM (IOAM) with IPv6
[    1.180990] NET: Registered PF_PACKET protocol family
[    1.181071] Bluetooth: RFCOMM TTY layer initialized
[    1.181081] Bluetooth: RFCOMM socket layer initialized
[    1.181091] Bluetooth: RFCOMM ver 1.11
[    1.181099] Bluetooth: BNEP (Ethernet Emulation) ver 1.3
[    1.181106] Bluetooth: BNEP filters: protocol multicast
[    1.181113] Bluetooth: BNEP socket layer initialized
[    1.181120] Bluetooth: CMTP (CAPI Emulation) ver 1.0
[    1.181135] Bluetooth: CMTP socket layer initialized
[    1.181142] Bluetooth: HIDP (Human Interface Emulation) ver 1.2
[    1.181150] Bluetooth: HIDP socket layer initialized
[    1.181211] 9pnet: Installing 9P2000 support
[    1.181234] Key type dns_resolver registered
[    1.181357] IPI shorthand broadcast: enabled
[    1.181388] sched_clock: Marking stable (1177996171, 2560052)->(1268287991, -87731768)
[    1.181667] registered taskstats version 1
[    1.181683] Loading compiled-in X.509 certificates
[    1.181909] zswap: loaded using pool lzo/zbud
[    1.183382] Btrfs loaded, crc32c=crc32c-intel, zoned=yes, fsverity=yes
[    1.184200] Key type encrypted registered
[    1.184212] AppArmor: AppArmor sha1 policy hashing enabled
[    1.184228] ima: No TPM chip found, activating TPM-bypass!
[    1.184245] ima: Allocated hash algorithm: sha1
[    1.184262] ima: No architecture policies found
[    1.184292] evm: Initialising EVM extended attributes:
[    1.184299] evm: security.selinux
[    1.184305] evm: security.SMACK64
[    1.184310] evm: security.SMACK64EXEC
[    1.184314] evm: security.SMACK64TRANSMUTE
[    1.184319] evm: security.SMACK64MMAP
[    1.184323] evm: security.apparmor
[    1.184328] evm: security.ima
[    1.190270] evm: security.capability
[    1.190277] evm: HMAC attrs: 0x1
[    1.200802] cfg80211: Loading compiled-in X.509 certificates for regulatory database
[    1.201249] cfg80211: Loaded X.509 cert 'sforshee: 00b28ddf47aef9cea7'
[    1.201385] md: Waiting for all devices to be available before autodetect
[    1.201394] md: If you don't use raid, use raid=noautodetect
[    1.201401] md: Autodetecting RAID arrays.
[    1.201406] md: autorun ...
[    1.201410] md: ... autorun DONE.
[    1.201527] platform regulatory.0: Direct firmware load for regulatory.db failed with error -2
[    1.201540] cfg80211: failed to load regulatory.db
[    1.201703] /dev/root: Can't open blockdev
[    1.201713] VFS: Cannot open root device "(null)" or unknown-block(0,0): error -6
[    1.201722] Please append a correct "root=" boot option; here are the available partitions:
[    1.201732] 0100           65536 ram0 
[    1.201734]  (driver?)
[    1.201743] 0101           65536 ram1 
[    1.201745]  (driver?)
[    1.201753] 0102           65536 ram2 
[    1.201755]  (driver?)
[    1.201763] 0103           65536 ram3 
[    1.201764]  (driver?)
[    1.201772] 0104           65536 ram4 
[    1.201773]  (driver?)
[    1.201782] 0105           65536 ram5 
[    1.201783]  (driver?)
[    1.201791] 0106           65536 ram6 
[    1.201792]  (driver?)
[    1.201801] 0107           65536 ram7 
[    1.201802]  (driver?)
[    1.201810] 0108           65536 ram8 
[    1.201811]  (driver?)
[    1.201819] 0109           65536 ram9 
[    1.201821]  (driver?)
[    1.201829] 010a           65536 ram10 
[    1.201830]  (driver?)
[    1.201838] 010b           65536 ram11 
[    1.201839]  (driver?)
[    1.201848] 010c           65536 ram12 
[    1.201849]  (driver?)
[    1.201857] 010d           65536 ram13 
[    1.201858]  (driver?)
[    1.201867] 010e           65536 ram14 
[    1.201868]  (driver?)
[    1.201876] 010f           65536 ram15 
[    1.201877]  (driver?)
[    1.201889] Kernel panic - not syncing: VFS: Unable to mount root fs on unknown-block(0,0)
[    1.261804] CPU: 0 PID: 1 Comm: swapper/0 Tainted: G        W       T  6.0.0-rc4 #1 841c5f4f62f952ba4f3984390f28eb6eacafc65e
[    1.261820] Call Trace:
[    1.261828]  <TASK>
[    1.261835]  dump_stack_lvl+0x49/0x63
[    1.261850]  dump_stack+0x10/0x16
[    1.261857]  panic+0x10c/0x2a5
[    1.261865]  mount_block_root+0x144/0x1dd
[    1.261877]  mount_root+0x1c9/0x1f0
[    1.261884]  prepare_namespace+0x13f/0x174
[    1.261892]  kernel_init_freeable+0x222/0x238
[    1.261899]  ? rest_init+0xe0/0xe0
[    1.261907]  kernel_init+0x1a/0x140
[    1.261913]  ret_from_fork+0x22/0x30
[    1.261924]  </TASK>
[    1.261931] Kernel Offset: disabled
Domain 2 has shut down, reason code 3 0x3
Action for shutdown reason code 3 is destroy
Domain 2 needs to be cleaned up: destroying the domain
Done. Exiting now
